../Core/Src/main.c:39:5:__io_putchar	16	static
../Core/Src/main.c:45:6:init_lcds	8	static
../Core/Src/main.c:51:10:adc_read_channel	40	static
../Core/Src/main.c:84:13:is_gaz_f	16	static
../Core/Src/main.c:96:13:is_flame_f	16	static
../Core/Src/main.c:109:6:HAL_GPIO_EXTI_Callback	16	static
../Core/Src/main.c:114:13:EXTILine0_Config	32	static
../Core/Src/main.c:139:6:HAL_UART_RxCpltCallback	16	static
../Core/Src/main.c:205:5:main	64	static
../Core/Src/main.c:331:6:SystemClock_Config	88	static
../Core/Src/main.c:381:6:Error_Handler	8	static
