../Core/Src/main.c:38:5:__io_putchar	16	static
../Core/Src/main.c:44:6:init_lcds	8	static
../Core/Src/main.c:50:10:adc_read_channel	40	static
../Core/Src/main.c:83:13:is_gaz_f	16	static
../Core/Src/main.c:95:13:is_flame_f	16	static
../Core/Src/main.c:108:6:HAL_GPIO_EXTI_Callback	16	static
../Core/Src/main.c:113:13:EXTILine0_Config	32	static
../Core/Src/main.c:134:6:HAL_UART_RxCpltCallback	16	static
../Core/Src/main.c:191:5:main	64	static
../Core/Src/main.c:316:6:SystemClock_Config	88	static
../Core/Src/main.c:366:6:Error_Handler	8	static
